src/components/forms/AddTransactionForm.tsx(173,70): error TS2769: No overload matches this call.
  Overload 1 of 2, '(values: never, options?: { count?: "exact" | "planned" | "estimated" | undefined; } | undefined): PostgrestFilterBuilder<{ PostgrestVersion: "12"; }, never, never, null, "transactions", never, "POST">', gave the following error.
    Argument of type '{ user_id: string; account_id: string; category_id: string | null; type: "expense"; amount: number; description: string; date: string; transfer_to_account_id: null; }[]' is not assignable to parameter of type 'never'.
  Overload 2 of 2, '(values: never[], options?: { count?: "exact" | "planned" | "estimated" | undefined; defaultToNull?: boolean | undefined; } | undefined): PostgrestFilterBuilder<{ PostgrestVersion: "12"; }, never, never, null, "transactions", never, "POST">', gave the following error.
    Argument of type '{ user_id: string; account_id: string; category_id: string | null; type: "expense"; amount: number; description: string; date: string; transfer_to_account_id: null; }[]' is not assignable to parameter of type 'never[]'.
      Type '{ user_id: string; account_id: string; category_id: string | null; type: "expense"; amount: number; description: string; date: string; transfer_to_account_id: null; }' is not assignable to type 'never'.
src/components/forms/AddTransactionForm.tsx(181,37): error TS2339: Property 'balance' does not exist on type 'never'.
src/components/forms/AddTransactionForm.tsx(183,48): error TS2345: Argument of type '{ balance: number; }' is not assignable to parameter of type 'never'.
src/components/forms/AddTransactionForm.tsx(204,79): error TS2769: No overload matches this call.
  Overload 1 of 2, '(values: never, options?: { count?: "exact" | "planned" | "estimated" | undefined; } | undefined): PostgrestFilterBuilder<{ PostgrestVersion: "12"; }, never, never, null, "transactions", never, "POST">', gave the following error.
    Argument of type '{ user_id: string; account_id: string; category_id: string | null; type: "income" | "expense" | "transfer"; amount: number; description: string; date: string; transfer_to_account_id: string | null; }' is not assignable to parameter of type 'never'.
  Overload 2 of 2, '(values: never[], options?: { count?: "exact" | "planned" | "estimated" | undefined; defaultToNull?: boolean | undefined; } | undefined): PostgrestFilterBuilder<{ PostgrestVersion: "12"; }, never, never, null, "transactions", never, "POST">', gave the following error.
    Object literal may only specify known properties, and 'user_id' does not exist in type 'never[]'.
src/components/forms/AddTransactionForm.tsx(224,39): error TS2339: Property 'balance' does not exist on type 'never'.
src/components/forms/AddTransactionForm.tsx(225,15): error TS18048: 'meta' is possibly 'undefined'.
src/components/forms/AddTransactionForm.tsx(233,26): error TS18048: 'meta' is possibly 'undefined'.
src/components/forms/AddTransactionForm.tsx(234,50): error TS2345: Argument of type '{ balance: number; }' is not assignable to parameter of type 'never'.
src/components/forms/AddTransactionForm.tsx(238,39): error TS2339: Property 'balance' does not exist on type 'never'.
src/components/forms/AddTransactionForm.tsx(239,26): error TS18048: 'meta' is possibly 'undefined'.
src/components/forms/AddTransactionForm.tsx(240,50): error TS2345: Argument of type '{ balance: number; }' is not assignable to parameter of type 'never'.
src/components/forms/AddTransactionForm.tsx(250,44): error TS2339: Property 'balance' does not exist on type 'never'.
src/components/forms/AddTransactionForm.tsx(251,44): error TS2339: Property 'balance' does not exist on type 'never'.
src/components/forms/AddTransactionForm.tsx(252,29): error TS18048: 'srcMeta' is possibly 'undefined'.
src/components/forms/AddTransactionForm.tsx(253,29): error TS18048: 'dstMeta' is possibly 'undefined'.
src/components/forms/AddTransactionForm.tsx(254,17): error TS18048: 'dstMeta' is possibly 'undefined'.
src/components/forms/AddTransactionForm.tsx(262,52): error TS2345: Argument of type '{ balance: number; }' is not assignable to parameter of type 'never'.
src/components/forms/AddTransactionForm.tsx(263,52): error TS2345: Argument of type '{ balance: number; }' is not assignable to parameter of type 'never'.
