
> monetigia@1.0.0 build
> next build

   ▲ Next.js 14.1.0

   Creating an optimized production build ...
 ⨯ Failed to find font override values for font `Bricolage Grotesque`
<w> [webpack.cache.PackFileCacheStrategy] Serializing big strings (102kiB) impacts deserialization performance (consider using Buffer instead and decode when needed)
<w> [webpack.cache.PackFileCacheStrategy] Serializing big strings (139kiB) impacts deserialization performance (consider using Buffer instead and decode when needed)
 ⚠ Compiled with warnings

../../../../Documents/monetigia/node_modules/@supabase/realtime-js/dist/module/lib/websocket-factory.js
A Node.js API is used (process.versions at line: 43) which is not supported in the Edge Runtime.
Learn more: https://nextjs.org/docs/api-reference/edge-runtime

Import trace for requested module:
../../../../Documents/monetigia/node_modules/@supabase/realtime-js/dist/module/lib/websocket-factory.js
../../../../Documents/monetigia/node_modules/@supabase/realtime-js/dist/module/index.js
../../../../Documents/monetigia/node_modules/@supabase/supabase-js/dist/index.mjs
../../../../Documents/monetigia/node_modules/@supabase/ssr/dist/module/createBrowserClient.js
../../../../Documents/monetigia/node_modules/@supabase/ssr/dist/module/index.js
./src/lib/supabase/middleware.ts

../../../../Documents/monetigia/node_modules/@supabase/supabase-js/dist/index.mjs
A Node.js API is used (process.version at line: 389) which is not supported in the Edge Runtime.
Learn more: https://nextjs.org/docs/api-reference/edge-runtime

Import trace for requested module:
../../../../Documents/monetigia/node_modules/@supabase/supabase-js/dist/index.mjs
../../../../Documents/monetigia/node_modules/@supabase/ssr/dist/module/createBrowserClient.js
../../../../Documents/monetigia/node_modules/@supabase/ssr/dist/module/index.js
./src/lib/supabase/middleware.ts

 ⨯ Failed to find font override values for font `Bricolage Grotesque`
Browserslist: browsers data (caniuse-lite) is 10 months old. Please run:
  npx update-browserslist-db@latest
  Why you should do it regularly: https://github.com/browserslist/update-db#readme
Browserslist: caniuse-lite is outdated. Please run:
  npx update-browserslist-db@latest
  Why you should do it regularly: https://github.com/browserslist/update-db#readme
 ✓ Compiled successfully
   Linting and checking validity of types ...

./src/app/(dashboard)/accounts/page.tsx
83:6  Warning: React Hook useEffect has a missing dependency: 'loadAccounts'. Either include it or remove the dependency array.  react-hooks/exhaustive-deps

./src/app/(dashboard)/categories/page.tsx
141:6  Warning: React Hook useEffect has a missing dependency: 'loadCategories'. Either include it or remove the dependency array.  react-hooks/exhaustive-deps

./src/app/(dashboard)/settings/page.tsx
35:6  Warning: React Hook useEffect has a missing dependency: 'loadProfile'. Either include it or remove the dependency array.  react-hooks/exhaustive-deps

./src/app/(dashboard)/transactions/page.tsx
41:6  Warning: React Hook useEffect has a missing dependency: 'loadTransactions'. Either include it or remove the dependency array.  react-hooks/exhaustive-deps

./src/components/forms/AddAccountForm.tsx
41:6  Warning: React Hook useEffect has a missing dependency: 'icon'. Either include it or remove the dependency array.  react-hooks/exhaustive-deps

./src/components/transactions/AddTransactionModal.tsx
77:6  Warning: React Hook useEffect has missing dependencies: 'loadData' and 'submit'. Either include them or remove the dependency array.  react-hooks/exhaustive-deps

info  - Need to disable some ESLint rules? Learn more here: https://nextjs.org/docs/basic-features/eslint#disabling-rules
   Collecting page data ...
   Generating static pages (0/20) ...

   Generating static pages (5/20) 

   Generating static pages (10/20) 

   Generating static pages (15/20) 

 ✓ Generating static pages (20/20) 
   Finalizing page optimization ...
   Collecting build traces ...

Route (app)                              Size     First Load JS
┌ λ /                                    11.4 kB         169 kB
├ ○ /_not-found                          0 B                0 B
├ λ /accounts                            52.8 kB         259 kB
├ λ /accounts/new                        4.54 kB         155 kB
├ λ /api/storage/ensure-profiles-bucket  0 B                0 B
├ λ /api/user/upload-avatar              0 B                0 B
├ λ /auth/callback                       0 B                0 B
├ λ /categories                          5.85 kB         151 kB
├ λ /dashboard                           7.09 kB         212 kB
├ ○ /forgot-password                     153 B          84.6 kB
├ λ /goals                               23.7 kB         237 kB
├ ○ /login                               153 B          84.6 kB
├ ○ /manifest.webmanifest                0 B                0 B
├ ○ /mobile-app                          15.4 kB         114 kB
├ ○ /register                            153 B          84.6 kB
├ ○ /reset-password                      153 B          84.6 kB
├ λ /settings                            7.91 kB         154 kB
├ λ /transactions                        5.78 kB         193 kB
└ ○ /verify-email                        153 B          84.6 kB
+ First Load JS shared by all            84.4 kB
  ├ chunks/445-ced4d3755578f531.js       28.9 kB
  ├ chunks/c7a895e9-af4bf0f833c77794.js  53.4 kB
  └ other shared chunks (total)          2.16 kB


ƒ Middleware                             160 kB

○  (Static)   prerendered as static content
λ  (Dynamic)  server-rendered on demand using Node.js

